// Jest Snapshot v1, https://goo.gl/fbAQLP

exports[`Fragement 1`] = `"<React.Fragment />"`;
