// Jest Snapshot v1, https://goo.gl/fbAQLP

exports[`It renders React.Fragement 1`] = `"<React.Fragment />"`;
