// Jest Snapshot v1, https://goo.gl/fbAQLP

exports[`renders correctly 1`] = `
<button
  className="simple-button"
  onClick={[Function]}
>
  label
</button>
`;
