// Jest Snapshot v1, https://goo.gl/fbAQLP

exports[`renders correctly 1`] = `
<button
  onClick={[Function]}
  style={
    Object {
      "borderColor": "green",
      "color": "green",
    }
  }
>
  label
</button>
`;
