// Jest Snapshot v1, https://goo.gl/fbAQLP

exports[`renders correctly 1`] = `
<input
  className="simple-button"
  onClick={[Function]}
  type="button"
  value="label"
/>
`;
