// Jest Snapshot v1, https://goo.gl/fbAQLP

exports[`GeneralButton should render correctly in "debug" mode 1`] = `
<button
  onClick={[Function]}
/>
`;
